- x  Seraffyn's European Adventure
. x  read
. x  rip
. x  nab

- x  Seraffyn's Mediterranean Adventure
. x  read
. x  rip
. x  nab

- .  Page on Seraffyn's European Adventure
. .  "../drafts/1581654976.leaf"
= o  tasks
. x  gather quotes & outline
. x  rough draft
. o  revise
. o  grammar/spelling check
. o  move to pages/
. o  add to wiki index page
