- x  Page on Seraffyn's European Adventure
. .  "../drafts/1581654976.leaf"
= x  tasks
. x  gather quotes & outline
. x  rough draft
. x  revise
. x  grammar/spelling check
. x  move to pages/
. x  add to wiki index page

- .  The Lure of Travel
. .  "../drafts/1585963679.leaf"
= o  tasks
. o  gather quotes & outline
. o  rough draft
. o  revise
. o  grammar/spelling check
. o  move to pages/
. o  add to wiki index page

