- .  The Lure of Travel
. .  "../drafts/1585963679.leaf"
= o  tasks
. x  gather quotes & outline
. x  rough draft
. o  revise
. o  grammar/spelling check
. o  move to pages/
. o  add to wiki index page

- .  Sailing Heritage
. .  "../drafts/1586119210.leaf"
= o  tasks
. x  gather quotes
. o  rough draft
. o  revise
. o  grammar/spelling check
. o  move to pages/
. o  add to wiki index page

